1 test runs, 0.00674486 seconds -> 6.744862 ms / tag
1 test runs, 0.0135949 seconds -> 13.594866 ms / tag
1 test runs, 0.00827694 seconds -> 8.276939 ms / tag
1 test runs, 0.011811 seconds -> 11.811018 ms / tag
1 test runs, 0.0123532 seconds -> 12.353182 ms / tag
1 test runs, 0.00806999 seconds -> 8.069992 ms / tag
1 test runs, 0.00787592 seconds -> 7.875919 ms / tag
1 test runs, 0.0128341 seconds -> 12.834072 ms / tag
1 test runs, 0.0128779 seconds -> 12.877941 ms / tag
1 test runs, 0.0118101 seconds -> 11.810064 ms / tag
1 test runs, 0.008214 seconds -> 8.213997 ms / tag
1 test runs, 0.0126181 seconds -> 12.618065 ms / tag
1 test runs, 0.0093689 seconds -> 9.368896 ms / tag
1 test runs, 0.0119491 seconds -> 11.949062 ms / tag
1 test runs, 0.00831389 seconds -> 8.313894 ms / tag
1 test runs, 0.0117278 seconds -> 11.727810 ms / tag
1 test runs, 0.00814104 seconds -> 8.141041 ms / tag
1 test runs, 0.0120819 seconds -> 12.081861 ms / tag
1 test runs, 0.0138822 seconds -> 13.882160 ms / tag
1 test runs, 0.0129299 seconds -> 12.929916 ms / tag
1 test runs, 0.0078671 seconds -> 7.867098 ms / tag
1 test runs, 0.0133069 seconds -> 13.306856 ms / tag
1 test runs, 0.0125539 seconds -> 12.553930 ms / tag
1 test runs, 0.0138049 seconds -> 13.804913 ms / tag
1 test runs, 0.0120571 seconds -> 12.057066 ms / tag
1 test runs, 0.013561 seconds -> 13.561010 ms / tag
1 test runs, 0.0127852 seconds -> 12.785196 ms / tag
1 test runs, 0.00939298 seconds -> 9.392977 ms / tag
1 test runs, 0.012275 seconds -> 12.274981 ms / tag
1 test runs, 0.0121191 seconds -> 12.119055 ms / tag
1 test runs, 0.0125289 seconds -> 12.528896 ms / tag
1 test runs, 0.0136621 seconds -> 13.662100 ms / tag
1 test runs, 0.0129762 seconds -> 12.976170 ms / tag
1 test runs, 0.0130541 seconds -> 13.054132 ms / tag
1 test runs, 0.013391 seconds -> 13.391018 ms / tag
1 test runs, 0.0129702 seconds -> 12.970209 ms / tag
1 test runs, 0.0111811 seconds -> 11.181116 ms / tag
1 test runs, 0.0105958 seconds -> 10.595798 ms / tag
1 test runs, 0.019778 seconds -> 19.778013 ms / tag
1 test runs, 0.0130768 seconds -> 13.076782 ms / tag
1 test runs, 0.0134301 seconds -> 13.430119 ms / tag
1 test runs, 0.0124111 seconds -> 12.411118 ms / tag
1 test runs, 0.0084939 seconds -> 8.493900 ms / tag
1 test runs, 0.0118501 seconds -> 11.850119 ms / tag
1 test runs, 0.012059 seconds -> 12.058973 ms / tag
1 test runs, 0.0134881 seconds -> 13.488054 ms / tag
1 test runs, 0.0124869 seconds -> 12.486935 ms / tag
1 test runs, 0.0135052 seconds -> 13.505220 ms / tag
1 test runs, 0.013613 seconds -> 13.612986 ms / tag
1 test runs, 0.0136089 seconds -> 13.608932 ms / tag
1 test runs, 0.0129008 seconds -> 12.900829 ms / tag
1 test runs, 0.0125639 seconds -> 12.563944 ms / tag
1 test runs, 0.0130799 seconds -> 13.079882 ms / tag
1 test runs, 0.0130181 seconds -> 13.018131 ms / tag
1 test runs, 0.0128469 seconds -> 12.846947 ms / tag
1 test runs, 0.012922 seconds -> 12.922049 ms / tag
1 test runs, 0.0105739 seconds -> 10.573864 ms / tag
1 test runs, 0.012167 seconds -> 12.166977 ms / tag
1 test runs, 0.0113702 seconds -> 11.370182 ms / tag
1 test runs, 0.0110738 seconds -> 11.073828 ms / tag
1 test runs, 0.012378 seconds -> 12.377977 ms / tag
1 test runs, 0.0127411 seconds -> 12.741089 ms / tag
1 test runs, 0.0188701 seconds -> 18.870115 ms / tag
1 test runs, 0.0129888 seconds -> 12.988806 ms / tag
1 test runs, 0.0130739 seconds -> 13.073921 ms / tag
1 test runs, 0.0114119 seconds -> 11.411905 ms / tag
1 test runs, 0.0131199 seconds -> 13.119936 ms / tag
1 test runs, 0.015105 seconds -> 15.105009 ms / tag
1 test runs, 0.012486 seconds -> 12.485981 ms / tag
1 test runs, 0.0131218 seconds -> 13.121843 ms / tag
1 test runs, 0.0122631 seconds -> 12.263060 ms / tag
1 test runs, 0.0137601 seconds -> 13.760090 ms / tag
1 test runs, 0.00843287 seconds -> 8.432865 ms / tag
1 test runs, 0.011986 seconds -> 11.986017 ms / tag
1 test runs, 0.0120308 seconds -> 12.030840 ms / tag
1 test runs, 0.0126829 seconds -> 12.682915 ms / tag
1 test runs, 0.0130959 seconds -> 13.095856 ms / tag
1 test runs, 0.0130429 seconds -> 13.042927 ms / tag
1 test runs, 0.0106809 seconds -> 10.680914 ms / tag
1 test runs, 0.0095439 seconds -> 9.543896 ms / tag
1 test runs, 0.0111601 seconds -> 11.160135 ms / tag
1 test runs, 0.0107598 seconds -> 10.759830 ms / tag
1 test runs, 0.012073 seconds -> 12.073040 ms / tag
1 test runs, 0.0119722 seconds -> 11.972189 ms / tag
1 test runs, 0.00888896 seconds -> 8.888960 ms / tag
1 test runs, 0.0111299 seconds -> 11.129856 ms / tag
1 test runs, 0.0102448 seconds -> 10.244846 ms / tag
1 test runs, 0.00995803 seconds -> 9.958029 ms / tag
1 test runs, 0.012332 seconds -> 12.331963 ms / tag
1 test runs, 0.012306 seconds -> 12.305975 ms / tag
1 test runs, 0.00876284 seconds -> 8.762836 ms / tag
1 test runs, 0.011627 seconds -> 11.626959 ms / tag
1 test runs, 0.00930381 seconds -> 9.303808 ms / tag
1 test runs, 0.0120201 seconds -> 12.020111 ms / tag
1 test runs, 0.0137022 seconds -> 13.702154 ms / tag
1 test runs, 0.012702 seconds -> 12.701988 ms / tag
1 test runs, 0.0121589 seconds -> 12.158871 ms / tag
1 test runs, 0.0122769 seconds -> 12.276888 ms / tag
1 test runs, 0.0134921 seconds -> 13.492107 ms / tag
1 test runs, 0.011302 seconds -> 11.301994 ms / tag
1 test runs, 0.0133181 seconds -> 13.318062 ms / tag
1 test runs, 0.0134451 seconds -> 13.445139 ms / tag
1 test runs, 0.013238 seconds -> 13.237953 ms / tag
1 test runs, 0.012444 seconds -> 12.444019 ms / tag
1 test runs, 0.014281 seconds -> 14.281034 ms / tag
1 test runs, 0.0091958 seconds -> 9.195805 ms / tag
1 test runs, 0.0127971 seconds -> 12.797117 ms / tag
1 test runs, 0.013103 seconds -> 13.103008 ms / tag
1 test runs, 0.0129158 seconds -> 12.915850 ms / tag
1 test runs, 0.0127959 seconds -> 12.795925 ms / tag
1 test runs, 0.0119998 seconds -> 11.999846 ms / tag
1 test runs, 0.012224 seconds -> 12.223959 ms / tag
1 test runs, 0.0137999 seconds -> 13.799906 ms / tag
1 test runs, 0.0182981 seconds -> 18.298149 ms / tag
1 test runs, 0.013335 seconds -> 13.334990 ms / tag
1 test runs, 0.012166 seconds -> 12.166023 ms / tag
1 test runs, 0.0121269 seconds -> 12.126923 ms / tag
1 test runs, 0.0117421 seconds -> 11.742115 ms / tag
1 test runs, 0.013258 seconds -> 13.257980 ms / tag
1 test runs, 0.013288 seconds -> 13.288021 ms / tag
1 test runs, 0.0129719 seconds -> 12.971878 ms / tag
1 test runs, 0.00885797 seconds -> 8.857965 ms / tag
1 test runs, 0.01177 seconds -> 11.770010 ms / tag
1 test runs, 0.0136831 seconds -> 13.683081 ms / tag
1 test runs, 0.00928402 seconds -> 9.284019 ms / tag
1 test runs, 0.010803 seconds -> 10.802984 ms / tag
1 test runs, 0.00970006 seconds -> 9.700060 ms / tag
1 test runs, 0.0110588 seconds -> 11.058807 ms / tag
1 test runs, 0.009377 seconds -> 9.377003 ms / tag
1 test runs, 0.010972 seconds -> 10.972023 ms / tag
1 test runs, 0.0132689 seconds -> 13.268948 ms / tag
1 test runs, 0.0105338 seconds -> 10.533810 ms / tag
1 test runs, 0.010422 seconds -> 10.421991 ms / tag
1 test runs, 0.012747 seconds -> 12.747049 ms / tag
1 test runs, 0.00956106 seconds -> 9.561062 ms / tag
1 test runs, 0.0109949 seconds -> 10.994911 ms / tag
1 test runs, 0.0123188 seconds -> 12.318850 ms / tag
1 test runs, 0.0135131 seconds -> 13.513088 ms / tag
1 test runs, 0.0103741 seconds -> 10.374069 ms / tag
1 test runs, 0.010401 seconds -> 10.401011 ms / tag
1 test runs, 0.01091 seconds -> 10.910034 ms / tag
1 test runs, 0.010463 seconds -> 10.462999 ms / tag
1 test runs, 0.012367 seconds -> 12.367010 ms / tag
1 test runs, 0.012084 seconds -> 12.084007 ms / tag
1 test runs, 0.0112162 seconds -> 11.216164 ms / tag
1 test runs, 0.010653 seconds -> 10.653019 ms / tag
1 test runs, 0.01245 seconds -> 12.449980 ms / tag
1 test runs, 0.012984 seconds -> 12.984037 ms / tag
1 test runs, 0.0152099 seconds -> 15.209913 ms / tag
1 test runs, 0.011811 seconds -> 11.811018 ms / tag
1 test runs, 0.0127561 seconds -> 12.756109 ms / tag
1 test runs, 0.0142689 seconds -> 14.268875 ms / tag
1 test runs, 0.0128551 seconds -> 12.855053 ms / tag
1 test runs, 0.012682 seconds -> 12.681961 ms / tag
1 test runs, 0.00847411 seconds -> 8.474112 ms / tag
1 test runs, 0.0122719 seconds -> 12.271881 ms / tag
1 test runs, 0.0123162 seconds -> 12.316227 ms / tag
1 test runs, 0.0133119 seconds -> 13.311863 ms / tag
1 test runs, 0.012306 seconds -> 12.305975 ms / tag
1 test runs, 0.012778 seconds -> 12.778044 ms / tag
1 test runs, 0.012357 seconds -> 12.356997 ms / tag
1 test runs, 0.0139709 seconds -> 13.970852 ms / tag
1 test runs, 0.01243 seconds -> 12.429953 ms / tag
1 test runs, 0.013489 seconds -> 13.489008 ms / tag
1 test runs, 0.00852299 seconds -> 8.522987 ms / tag
1 test runs, 0.011956 seconds -> 11.955976 ms / tag
1 test runs, 0.00917888 seconds -> 9.178877 ms / tag
1 test runs, 0.011065 seconds -> 11.065006 ms / tag
1 test runs, 0.0140238 seconds -> 14.023781 ms / tag
1 test runs, 0.0128679 seconds -> 12.867928 ms / tag
1 test runs, 0.0139852 seconds -> 13.985157 ms / tag
1 test runs, 0.012574 seconds -> 12.573957 ms / tag
1 test runs, 0.012773 seconds -> 12.773037 ms / tag
1 test runs, 0.0100121 seconds -> 10.012150 ms / tag
1 test runs, 0.0104799 seconds -> 10.479927 ms / tag
1 test runs, 0.00872707 seconds -> 8.727074 ms / tag
1 test runs, 0.0113091 seconds -> 11.309147 ms / tag
1 test runs, 0.01316 seconds -> 13.159990 ms / tag
1 test runs, 0.00930882 seconds -> 9.308815 ms / tag
1 test runs, 0.0111251 seconds -> 11.125088 ms / tag
1 test runs, 0.0110619 seconds -> 11.061907 ms / tag
1 test runs, 0.00936699 seconds -> 9.366989 ms / tag
1 test runs, 0.00883102 seconds -> 8.831024 ms / tag
1 test runs, 0.0122042 seconds -> 12.204170 ms / tag
1 test runs, 0.011565 seconds -> 11.564970 ms / tag
1 test runs, 0.221374 seconds -> 221.374035 ms / tag
1 test runs, 0.0211868 seconds -> 21.186829 ms / tag
1 test runs, 0.018136 seconds -> 18.136024 ms / tag
1 test runs, 0.014195 seconds -> 14.194965 ms / tag
1 test runs, 0.0142159 seconds -> 14.215946 ms / tag
1 test runs, 0.0175722 seconds -> 17.572165 ms / tag
1 test runs, 0.0100861 seconds -> 10.086060 ms / tag
1 test runs, 0.0171371 seconds -> 17.137051 ms / tag
1 test runs, 0.011261 seconds -> 11.260986 ms / tag
1 test runs, 0.0151291 seconds -> 15.129089 ms / tag
1 test runs, 0.011534 seconds -> 11.533976 ms / tag
1 test runs, 0.0172479 seconds -> 17.247915 ms / tag
1 test runs, 0.0112112 seconds -> 11.211157 ms / tag
1 test runs, 0.0124199 seconds -> 12.419939 ms / tag
1 test runs, 0.0177031 seconds -> 17.703056 ms / tag
1 test runs, 0.0166838 seconds -> 16.683817 ms / tag
1 test runs, 0.012114 seconds -> 12.114048 ms / tag
1 test runs, 0.016788 seconds -> 16.788006 ms / tag
1 test runs, 0.017318 seconds -> 17.318010 ms / tag
1 test runs, 0.016928 seconds -> 16.927958 ms / tag
1 test runs, 0.0141132 seconds -> 14.113188 ms / tag
1 test runs, 0.0121241 seconds -> 12.124062 ms / tag
1 test runs, 0.0213249 seconds -> 21.324873 ms / tag
1 test runs, 0.0112691 seconds -> 11.269093 ms / tag
1 test runs, 0.0124459 seconds -> 12.445927 ms / tag
1 test runs, 0.0222449 seconds -> 22.244930 ms / tag
1 test runs, 0.014678 seconds -> 14.678001 ms / tag
1 test runs, 0.0172629 seconds -> 17.262936 ms / tag
1 test runs, 0.011754 seconds -> 11.754036 ms / tag
1 test runs, 0.010766 seconds -> 10.766029 ms / tag
1 test runs, 0.0164261 seconds -> 16.426086 ms / tag
1 test runs, 0.0113552 seconds -> 11.355162 ms / tag
1 test runs, 0.0112371 seconds -> 11.237144 ms / tag
1 test runs, 0.012804 seconds -> 12.804031 ms / tag
1 test runs, 0.01564 seconds -> 15.640020 ms / tag
1 test runs, 0.0122859 seconds -> 12.285948 ms / tag
1 test runs, 0.014518 seconds -> 14.518023 ms / tag
1 test runs, 0.01162 seconds -> 11.620045 ms / tag
1 test runs, 0.0118301 seconds -> 11.830091 ms / tag
1 test runs, 0.014498 seconds -> 14.497995 ms / tag
1 test runs, 0.0131559 seconds -> 13.155937 ms / tag
1 test runs, 0.014987 seconds -> 14.986992 ms / tag
1 test runs, 0.0127718 seconds -> 12.771845 ms / tag
1 test runs, 0.0124252 seconds -> 12.425184 ms / tag
1 test runs, 0.0133882 seconds -> 13.388157 ms / tag
1 test runs, 0.0133781 seconds -> 13.378143 ms / tag
1 test runs, 0.011914 seconds -> 11.914015 ms / tag
1 test runs, 0.011658 seconds -> 11.657953 ms / tag
1 test runs, 0.0142109 seconds -> 14.210939 ms / tag
1 test runs, 0.014328 seconds -> 14.328003 ms / tag
1 test runs, 0.014267 seconds -> 14.266968 ms / tag
1 test runs, 0.0124271 seconds -> 12.427092 ms / tag
1 test runs, 0.0143008 seconds -> 14.300823 ms / tag
1 test runs, 0.0111849 seconds -> 11.184931 ms / tag
1 test runs, 0.0146558 seconds -> 14.655828 ms / tag
1 test runs, 0.00844121 seconds -> 8.441210 ms / tag
1 test runs, 0.0107839 seconds -> 10.783911 ms / tag
1 test runs, 0.0140111 seconds -> 14.011145 ms / tag
1 test runs, 0.016377 seconds -> 16.376972 ms / tag
1 test runs, 0.012701 seconds -> 12.701035 ms / tag
1 test runs, 0.0112431 seconds -> 11.243105 ms / tag
1 test runs, 0.00966501 seconds -> 9.665012 ms / tag
1 test runs, 0.010216 seconds -> 10.215998 ms / tag
1 test runs, 0.0161359 seconds -> 16.135931 ms / tag
1 test runs, 0.013207 seconds -> 13.206959 ms / tag
1 test runs, 0.0196788 seconds -> 19.678831 ms / tag
1 test runs, 0.0111351 seconds -> 11.135101 ms / tag
1 test runs, 0.0118032 seconds -> 11.803150 ms / tag
1 test runs, 0.0114532 seconds -> 11.453152 ms / tag
1 test runs, 0.014267 seconds -> 14.266968 ms / tag
1 test runs, 0.00989199 seconds -> 9.891987 ms / tag
1 test runs, 0.0158272 seconds -> 15.827179 ms / tag
1 test runs, 0.011426 seconds -> 11.425972 ms / tag
1 test runs, 0.0107582 seconds -> 10.758162 ms / tag
1 test runs, 0.016088 seconds -> 16.088009 ms / tag
1 test runs, 0.01494 seconds -> 14.940023 ms / tag
1 test runs, 0.012913 seconds -> 12.912989 ms / tag
1 test runs, 0.016165 seconds -> 16.165018 ms / tag
1 test runs, 0.0153129 seconds -> 15.312910 ms / tag
1 test runs, 0.0114961 seconds -> 11.496067 ms / tag
1 test runs, 0.0105512 seconds -> 10.551214 ms / tag
1 test runs, 0.0117161 seconds -> 11.716127 ms / tag
1 test runs, 0.0154228 seconds -> 15.422821 ms / tag
1 test runs, 0.011184 seconds -> 11.183977 ms / tag
1 test runs, 0.016602 seconds -> 16.602039 ms / tag
1 test runs, 0.012476 seconds -> 12.475967 ms / tag
1 test runs, 0.0149801 seconds -> 14.980078 ms / tag
1 test runs, 0.011939 seconds -> 11.939049 ms / tag
1 test runs, 0.0128121 seconds -> 12.812138 ms / tag
1 test runs, 0.0114141 seconds -> 11.414051 ms / tag
1 test runs, 0.0148709 seconds -> 14.870882 ms / tag
1 test runs, 0.0128791 seconds -> 12.879133 ms / tag
1 test runs, 0.0200088 seconds -> 20.008802 ms / tag
1 test runs, 0.0158401 seconds -> 15.840054 ms / tag
1 test runs, 0.0112 seconds -> 11.199951 ms / tag
1 test runs, 0.010977 seconds -> 10.977030 ms / tag
1 test runs, 0.0147679 seconds -> 14.767885 ms / tag
1 test runs, 0.0120921 seconds -> 12.092113 ms / tag
1 test runs, 0.0106299 seconds -> 10.629892 ms / tag
1 test runs, 0.0116858 seconds -> 11.685848 ms / tag
1 test runs, 0.010828 seconds -> 10.828018 ms / tag
1 test runs, 0.0113409 seconds -> 11.340857 ms / tag
1 test runs, 0.0121901 seconds -> 12.190104 ms / tag
1 test runs, 0.0110888 seconds -> 11.088848 ms / tag
1 test runs, 0.01104 seconds -> 11.039972 ms / tag
1 test runs, 0.010781 seconds -> 10.781050 ms / tag
1 test runs, 0.0150149 seconds -> 15.014887 ms / tag
1 test runs, 0.012007 seconds -> 12.006998 ms / tag
1 test runs, 0.0110481 seconds -> 11.048079 ms / tag
1 test runs, 0.0106189 seconds -> 10.618925 ms / tag
1 test runs, 0.0106239 seconds -> 10.623932 ms / tag
1 test runs, 0.01651 seconds -> 16.510010 ms / tag
1 test runs, 0.0111351 seconds -> 11.135101 ms / tag
1 test runs, 0.0122712 seconds -> 12.271166 ms / tag
1 test runs, 0.0143001 seconds -> 14.300108 ms / tag
1 test runs, 0.0126841 seconds -> 12.684107 ms / tag
1 test runs, 0.01598 seconds -> 15.980005 ms / tag
1 test runs, 0.0126021 seconds -> 12.602091 ms / tag
1 test runs, 0.01124 seconds -> 11.240005 ms / tag
1 test runs, 0.0118291 seconds -> 11.829138 ms / tag
1 test runs, 0.010797 seconds -> 10.797024 ms / tag
1 test runs, 0.0165761 seconds -> 16.576052 ms / tag
1 test runs, 0.0112591 seconds -> 11.259079 ms / tag
1 test runs, 0.0125282 seconds -> 12.528181 ms / tag
1 test runs, 0.012033 seconds -> 12.032986 ms / tag
1 test runs, 0.013818 seconds -> 13.818026 ms / tag
1 test runs, 0.018466 seconds -> 18.465996 ms / tag
1 test runs, 0.0123901 seconds -> 12.390137 ms / tag
1 test runs, 0.010926 seconds -> 10.926008 ms / tag
1 test runs, 0.018214 seconds -> 18.213987 ms / tag
1 test runs, 0.0132141 seconds -> 13.214111 ms / tag
1 test runs, 0.0107069 seconds -> 10.706902 ms / tag
1 test runs, 0.0163641 seconds -> 16.364098 ms / tag
1 test runs, 0.0108881 seconds -> 10.888100 ms / tag
1 test runs, 0.012553 seconds -> 12.552977 ms / tag
1 test runs, 0.0154259 seconds -> 15.425920 ms / tag
1 test runs, 0.0164311 seconds -> 16.431093 ms / tag
1 test runs, 0.011409 seconds -> 11.409044 ms / tag
1 test runs, 0.0118358 seconds -> 11.835814 ms / tag
1 test runs, 0.0170131 seconds -> 17.013073 ms / tag
1 test runs, 0.011538 seconds -> 11.538029 ms / tag
1 test runs, 0.0167689 seconds -> 16.768932 ms / tag
1 test runs, 0.011539 seconds -> 11.538982 ms / tag
1 test runs, 0.017015 seconds -> 17.014980 ms / tag
1 test runs, 0.0160439 seconds -> 16.043901 ms / tag
1 test runs, 0.01688 seconds -> 16.880035 ms / tag
1 test runs, 0.0182631 seconds -> 18.263102 ms / tag
1 test runs, 0.0157721 seconds -> 15.772104 ms / tag
1 test runs, 0.0143311 seconds -> 14.331102 ms / tag
1 test runs, 0.014884 seconds -> 14.883995 ms / tag
1 test runs, 0.0160298 seconds -> 16.029835 ms / tag
1 test runs, 0.014955 seconds -> 14.955044 ms / tag
1 test runs, 0.0118332 seconds -> 11.833191 ms / tag
1 test runs, 0.0108991 seconds -> 10.899067 ms / tag
1 test runs, 0.0163219 seconds -> 16.321898 ms / tag
1 test runs, 0.021224 seconds -> 21.224022 ms / tag
1 test runs, 0.0113189 seconds -> 11.318922 ms / tag
1 test runs, 0.0166299 seconds -> 16.629934 ms / tag
1 test runs, 0.0105889 seconds -> 10.588884 ms / tag
1 test runs, 0.016562 seconds -> 16.561985 ms / tag
1 test runs, 0.0106459 seconds -> 10.645866 ms / tag
1 test runs, 0.0125539 seconds -> 12.553930 ms / tag
1 test runs, 0.016536 seconds -> 16.535997 ms / tag
1 test runs, 0.0121379 seconds -> 12.137890 ms / tag
1 test runs, 0.0143521 seconds -> 14.352083 ms / tag
1 test runs, 0.015666 seconds -> 15.666008 ms / tag
1 test runs, 0.010185 seconds -> 10.185003 ms / tag
1 test runs, 0.0108349 seconds -> 10.834932 ms / tag
1 test runs, 0.0155969 seconds -> 15.596867 ms / tag
1 test runs, 0.0127039 seconds -> 12.703896 ms / tag
1 test runs, 0.014683 seconds -> 14.683008 ms / tag
1 test runs, 0.011915 seconds -> 11.914968 ms / tag
1 test runs, 0.010319 seconds -> 10.318995 ms / tag
1 test runs, 0.0121801 seconds -> 12.180090 ms / tag
1 test runs, 0.0106912 seconds -> 10.691166 ms / tag
1 test runs, 0.0100191 seconds -> 10.019064 ms / tag
1 test runs, 0.0109761 seconds -> 10.976076 ms / tag
1 test runs, 0.0116389 seconds -> 11.638880 ms / tag
1 test runs, 0.0106769 seconds -> 10.676861 ms / tag
1 test runs, 0.016192 seconds -> 16.191959 ms / tag
1 test runs, 0.0103219 seconds -> 10.321856 ms / tag
1 test runs, 0.0165331 seconds -> 16.533136 ms / tag
1 test runs, 0.0119128 seconds -> 11.912823 ms / tag
1 test runs, 0.0122299 seconds -> 12.229919 ms / tag
